// Jest Snapshot v1, https://goo.gl/fbAQLP

exports[`HelloWorld renders user with skills 1`] = `
<div>
  <div
    class="min-h-screen bg-gray-50 flex flex-col justify-center py-12 sm:px-6 lg:px-8"
  >
    <div
      class="sm:mx-auto sm:w-full sm:max-w-md"
    >
      <h2
        class="mt-6 text-center text-3xl font-extrabold text-gray-900"
      >
        Sign in to your account
      </h2>
    </div>
    <div
      class="mt-8 sm:mx-auto sm:w-full sm:max-w-md"
    >
      <div
        class="bg-white py-8 px-4 shadow sm:rounded-lg sm:px-10"
      >
        <form
          class="space-y-6"
          method="POST"
        >
          <div>
            <label
              class="block text-sm font-medium text-gray-700"
              for="email"
            >
              Email address
            </label>
            <div
              class="mt-1"
            >
              <input
                autocomplete="email"
                class="appearance-none block w-full px-3 py-2 border border-gray-300 rounded-md shadow-sm placeholder-gray-400 focus:outline-none focus:ring-indigo-500 focus:border-indigo-500 sm:text-sm"
                id="email"
                name="email"
                required=""
                type="email"
              />
            </div>
          </div>
          <div>
            <label
              class="block text-sm font-medium text-gray-700"
              for="password"
            >
              Password
            </label>
            <div
              class="mt-1"
            >
              <input
                autocomplete="current-password"
                class="appearance-none block w-full px-3 py-2 border border-gray-300 rounded-md shadow-sm placeholder-gray-400 focus:outline-none focus:ring-indigo-500 focus:border-indigo-500 sm:text-sm"
                id="password"
                name="password"
                required=""
                type="password"
              />
            </div>
          </div>
          <div>
            <button
              class="w-full flex justify-center py-2 px-4 border border-transparent rounded-md shadow-sm text-sm font-medium text-white bg-indigo-600 hover:bg-indigo-700 focus:outline-none focus:ring-2 focus:ring-offset-2 focus:ring-indigo-500"
              type="submit"
            >
              Sign in
            </button>
          </div>
        </form>
        <div
          class="mt-6"
        >
          <div
            class="relative"
          >
            <div
              class="relative flex justify-center text-sm"
            >
              <span
                class="px-2 bg-white text-gray-500"
              />
            </div>
          </div>
        </div>
      </div>
    </div>
  </div>
</div>
`;

exports[`HelloWorld renders user without skills 1`] = `
<div>
  <div
    class="min-h-screen bg-gray-50 flex flex-col justify-center py-12 sm:px-6 lg:px-8"
  >
    <div
      class="sm:mx-auto sm:w-full sm:max-w-md"
    >
      <h2
        class="mt-6 text-center text-3xl font-extrabold text-gray-900"
      >
        Sign in to your account
      </h2>
    </div>
    <div
      class="mt-8 sm:mx-auto sm:w-full sm:max-w-md"
    >
      <div
        class="bg-white py-8 px-4 shadow sm:rounded-lg sm:px-10"
      >
        <form
          class="space-y-6"
          method="POST"
        >
          <div>
            <label
              class="block text-sm font-medium text-gray-700"
              for="email"
            >
              Email address
            </label>
            <div
              class="mt-1"
            >
              <input
                autocomplete="email"
                class="appearance-none block w-full px-3 py-2 border border-gray-300 rounded-md shadow-sm placeholder-gray-400 focus:outline-none focus:ring-indigo-500 focus:border-indigo-500 sm:text-sm"
                id="email"
                name="email"
                required=""
                type="email"
              />
            </div>
          </div>
          <div>
            <label
              class="block text-sm font-medium text-gray-700"
              for="password"
            >
              Password
            </label>
            <div
              class="mt-1"
            >
              <input
                autocomplete="current-password"
                class="appearance-none block w-full px-3 py-2 border border-gray-300 rounded-md shadow-sm placeholder-gray-400 focus:outline-none focus:ring-indigo-500 focus:border-indigo-500 sm:text-sm"
                id="password"
                name="password"
                required=""
                type="password"
              />
            </div>
          </div>
          <div>
            <button
              class="w-full flex justify-center py-2 px-4 border border-transparent rounded-md shadow-sm text-sm font-medium text-white bg-indigo-600 hover:bg-indigo-700 focus:outline-none focus:ring-2 focus:ring-offset-2 focus:ring-indigo-500"
              type="submit"
            >
              Sign in
            </button>
          </div>
        </form>
        <div
          class="mt-6"
        >
          <div
            class="relative"
          >
            <div
              class="relative flex justify-center text-sm"
            >
              <span
                class="px-2 bg-white text-gray-500"
              />
            </div>
          </div>
        </div>
      </div>
    </div>
  </div>
</div>
`;

exports[`isUserConnected: true should render a disconnect button 1`] = `
"<ContextProvider value={{...}}>
  <Login />
</ContextProvider>"
`;
